[shibatoken.com/index.html]
[backblue.gif]
[fade.gif]
[index.html]
[shibatoken.com/nicepage.css]
[shibatoken.com/index.css]
[shibatoken.com/jquery.js]
[shibatoken.com/nicepage.js]
[shibatoken.com/index-2.html]
[shibatoken.com/img/favicon.ico]
[shibatoken.com/276436894]
[shibatoken.com/img/shib_logo_header.png]
[shibatoken.com/img/shib_ch_le.png]
[shibatoken.com/img/shib_logo2.png]
[shibatoken.com/img/uniswap_logo.png]
[shibatoken.com/img/wallet.png]
[shibatoken.com/img/shib_astronaut.png]
[shibatoken.com/img/meteorite_graphic.png]
[shibatoken.com/img/home1.png]
[shibatoken.com/img/home2.png]
[shibatoken.com/img/bone_graphic.png]
[shibatoken.com/img/steak_graphic.png]
[shibatoken.com/img/amazonsmile.jpg]
[shibatoken.com/index.html]
[shibatoken.com/nicepage.css]
[shibatoken.com/img/bg11.png]
[shibatoken.com/img/bg4.png]
[shibatoken.com/img/bg26.png]
[shibatoken.com/index.css]
[shibatoken.com/jquery.js]
[shibatoken.com/nicepage.js]
[shibatoken.com/index-2.html]
[shibatoken.com/276436894.html]
[shibatoken.com/Content/BundledScripts/index.html]
[shibatoken.com/Content/BundledScripts/index.html]
